BL51 BANKED LINKER/LOCATER V6.22.2.0                                                    03/13/2020  13:39:24  PAGE 1


BL51 BANKED LINKER/LOCATER V6.22.2.0, INVOKED BY:
H:\KEIL_V5\C51\BIN\BL51.EXE .\Objects\STARTUP.obj, .\Objects\main.obj, .\Objects\uart.obj, .\Objects\tsic506.obj, .\Obje
>> cts\delay.obj TO .\Objects\Measure_Test PRINT (.\Listings\Measure_Test.m51)


MEMORY MODEL: SMALL WITH FLOATING POINT ARITHMETIC


INPUT MODULES INCLUDED:
  .\Objects\STARTUP.obj (?C_STARTUP)
  .\Objects\main.obj (MAIN)
  .\Objects\uart.obj (UART)
  .\Objects\tsic506.obj (TSIC506)
  .\Objects\delay.obj (DELAY)
  H:\KEIL_V5\C51\LIB\C51FPS.LIB (?C?FPADD)
  H:\KEIL_V5\C51\LIB\C51FPS.LIB (?C?FPMUL)
  H:\KEIL_V5\C51\LIB\C51FPS.LIB (?C?FPDIV)
  H:\KEIL_V5\C51\LIB\C51FPS.LIB (?C?FCAST)
  H:\KEIL_V5\C51\LIB\C51FPS.LIB (PRINTF)
  H:\KEIL_V5\C51\LIB\C51FPS.LIB (?C?FPGETOPN)
  H:\KEIL_V5\C51\LIB\C51FPS.LIB (?C?FPROUND)
  H:\KEIL_V5\C51\LIB\C51FPS.LIB (?C?FPCONVERT)
  H:\KEIL_V5\C51\LIB\C51FPS.LIB (?C?FTNPWR)
  H:\KEIL_V5\C51\LIB\C51S.LIB (?C_INIT)
  H:\KEIL_V5\C51\LIB\C51S.LIB (?C?CLDPTR)
  H:\KEIL_V5\C51\LIB\C51S.LIB (?C?CLDOPTR)
  H:\KEIL_V5\C51\LIB\C51S.LIB (?C?CSTPTR)
  H:\KEIL_V5\C51\LIB\C51S.LIB (?C?ISTPTR)
  H:\KEIL_V5\C51\LIB\C51S.LIB (?C?LNEG)
  H:\KEIL_V5\C51\LIB\C51S.LIB (?C?PLDIIDATA)
  H:\KEIL_V5\C51\LIB\C51S.LIB (?C?CCASE)


LINK MAP OF MODULE:  .\Objects\Measure_Test (?C_STARTUP)


            TYPE    BASE      LENGTH    RELOCATION   SEGMENT NAME
            -----------------------------------------------------

            * * * * * * *   D A T A   M E M O R Y   * * * * * * *
            REG     0000H     0008H     ABSOLUTE     "REG BANK 0"
                    0008H     0018H                  *** GAP ***
            BIT     0020H.0   0001H.1   UNIT         _BIT_GROUP_
            BIT     0021H.1   0000H.5   UNIT         ?BI?UART
                    0021H.6   0000H.2                *** GAP ***
            DATA    0022H     0029H     UNIT         ?DT?UART
            DATA    004BH     0022H     UNIT         _DATA_GROUP_
            IDATA   006DH     0001H     UNIT         ?STACK

            * * * * * * *   C O D E   M E M O R Y   * * * * * * *
            CODE    0000H     0003H     ABSOLUTE     
            CODE    0003H     0008H     UNIT         ?CO?MAIN
            CODE    000BH     0003H     ABSOLUTE     
            CODE    000EH     0583H     UNIT         ?C?LIB_CODE
            CODE    0591H     046FH     UNIT         ?PR?PRINTF?PRINTF
            CODE    0A00H     008CH     UNIT         ?C_C51STARTUP
            CODE    0A8CH     006DH     UNIT         ?PR?TM0?UART
            CODE    0AF9H     005CH     UNIT         ?PR?_GETTSIC_TEMP?TSIC506
BL51 BANKED LINKER/LOCATER V6.22.2.0                                                  03/13/2020  13:39:24  PAGE 2


            CODE    0B55H     0053H     UNIT         ?PR?MAIN?MAIN
            CODE    0BA8H     004DH     UNIT         ?PR?READ_BYTE?TSIC506
            CODE    0BF5H     0041H     UNIT         ?C_INITSEG
            CODE    0C36H     0036H     UNIT         ?PR?_CHECK_PARITY?TSIC506
            CODE    0C6CH     0027H     UNIT         ?PR?UART_RECEIVE?UART
            CODE    0C93H     0026H     UNIT         ?PR?UART_INIT?UART
            CODE    0CB9H     001DH     UNIT         ?PR?_DELAY_5US?DELAY
            CODE    0CD6H     0017H     UNIT         ?PR?_DELAY_MS?DELAY
            CODE    0CEDH     0013H     UNIT         ?PR?_UART_PRINTF?UART
            CODE    0D00H     000DH     UNIT         ?PR?_UART_SEND?UART
            CODE    0D0DH     0007H     UNIT         ?PR?TSIC506_INIT?TSIC506
            CODE    0D14H     0005H     UNIT         ?PR?_PUTCHAR?UART



OVERLAY MAP OF MODULE:   .\Objects\Measure_Test (?C_STARTUP)


SEGMENT                              BIT_GROUP          DATA_GROUP 
  +--> CALLED SEGMENT             START    LENGTH     START    LENGTH
---------------------------------------------------------------------
?C_C51STARTUP                     -----    -----      -----    -----
  +--> ?PR?MAIN?MAIN
  +--> ?C_INITSEG

?PR?MAIN?MAIN                     -----    -----      004BH    0006H
  +--> ?PR?UART_INIT?UART
  +--> ?PR?TSIC506_INIT?TSIC506
  +--> ?PR?_GETTSIC_TEMP?TSIC506
  +--> ?CO?MAIN
  +--> ?PR?PRINTF?PRINTF

?PR?_GETTSIC_TEMP?TSIC506         -----    -----      0051H    0005H
  +--> ?PR?READ_BYTE?TSIC506
  +--> ?PR?_CHECK_PARITY?TSIC506

?PR?READ_BYTE?TSIC506             -----    -----      0056H    0003H
  +--> ?PR?_DELAY_5US?DELAY

?PR?PRINTF?PRINTF                 0020H.0  0001H.1    0051H    001CH
  +--> ?PR?_PUTCHAR?UART

?PR?_PUTCHAR?UART                 -----    -----      -----    -----
  +--> ?PR?_UART_SEND?UART



SYMBOL TABLE OF MODULE:  .\Objects\Measure_Test (?C_STARTUP)

  VALUE           TYPE          NAME
  ----------------------------------

  -------         MODULE        ?C_STARTUP
  C:0A00H         SEGMENT       ?C_C51STARTUP
  I:006DH         SEGMENT       ?STACK
  C:0000H         PUBLIC        ?C_STARTUP
  D:00E0H         SYMBOL        ACC
BL51 BANKED LINKER/LOCATER V6.22.2.0                                                  03/13/2020  13:39:24  PAGE 3


  D:00F0H         SYMBOL        B
  D:0083H         SYMBOL        DPH
  D:0082H         SYMBOL        DPL
  N:0000H         SYMBOL        IBPSTACK
  N:0100H         SYMBOL        IBPSTACKTOP
  N:0080H         SYMBOL        IDATALEN
  C:0A03H         SYMBOL        IDATALOOP
  N:0000H         SYMBOL        PBPSTACK
  N:0100H         SYMBOL        PBPSTACKTOP
  N:0000H         SYMBOL        PDATALEN
  N:0000H         SYMBOL        PDATASTART
  N:0000H         SYMBOL        PPAGE
  N:0000H         SYMBOL        PPAGEENABLE
  D:00A0H         SYMBOL        PPAGE_SFR
  D:0081H         SYMBOL        SP
  C:0A00H         SYMBOL        STARTUP1
  N:0000H         SYMBOL        XBPSTACK
  N:0000H         SYMBOL        XBPSTACKTOP
  N:0000H         SYMBOL        XDATALEN
  N:0000H         SYMBOL        XDATASTART
  C:0000H         LINE#         126
  C:0A00H         LINE#         133
  C:0A02H         LINE#         134
  C:0A03H         LINE#         135
  C:0A04H         LINE#         136
  C:0A06H         LINE#         185
  C:0A09H         LINE#         196
  -------         ENDMOD        ?C_STARTUP

  -------         MODULE        MAIN
  C:0000H         SYMBOL        _ICE_DUMMY_
  D:0080H         PUBLIC        P0
  D:0090H         PUBLIC        P1
  D:00A0H         PUBLIC        P2
  D:00B0H         PUBLIC        P3
  D:00C0H         PUBLIC        P4
  D:00C8H         PUBLIC        P5
  D:00A8H         PUBLIC        IE
  D:00B8H         PUBLIC        IP
  D:00D8H         PUBLIC        CCON
  C:0B55H         PUBLIC        main
  D:0098H         PUBLIC        SCON
  D:0088H         PUBLIC        TCON
  D:00F0H         PUBLIC        B
  D:00E0H         PUBLIC        ACC
  D:00D0H         PUBLIC        PSW
  -------         PROC          MAIN
  -------         DO            
  D:004BH         SYMBOL        temp_value
  D:004DH         SYMBOL        Temp_float
  -------         ENDDO         
  C:0B55H         LINE#         6
  C:0B55H         LINE#         7
  C:0B55H         LINE#         10
  C:0B58H         LINE#         11
  C:0B5BH         LINE#         12
  C:0B5BH         LINE#         13
BL51 BANKED LINKER/LOCATER V6.22.2.0                                                  03/13/2020  13:39:24  PAGE 4


  C:0B5BH         LINE#         14
  C:0B66H         LINE#         15
  C:0B66H         LINE#         16
  C:0B95H         LINE#         17
  C:0BA6H         LINE#         18
  C:0BA6H         LINE#         19
  -------         ENDPROC       MAIN
  -------         ENDMOD        MAIN

  -------         MODULE        UART
  C:0000H         SYMBOL        _ICE_DUMMY_
  D:0080H         PUBLIC        P0
  D:0090H         PUBLIC        P1
  D:00A0H         PUBLIC        P2
  D:00B0H         PUBLIC        P3
  D:00C0H         PUBLIC        P4
  D:00C8H         PUBLIC        P5
  B:00A8H.7       PUBLIC        EA
  C:0C6CH         PUBLIC        uart_receive
  D:00A8H         PUBLIC        IE
  D:0022H         PUBLIC        S_BUF
  C:0A8CH         PUBLIC        tm0
  D:00B8H         PUBLIC        IP
  B:0021H.1       PUBLIC        flag
  B:00D0H.7       PUBLIC        CY
  D:00D8H         PUBLIC        CCON
  B:0021H.2       PUBLIC        REND
  B:0021H.3       PUBLIC        TEND
  D:0023H         PUBLIC        RDAT
  D:0024H         PUBLIC        TDAT
  D:0025H         PUBLIC        RBUF
  B:0021H.4       PUBLIC        RING
  D:0026H         PUBLIC        RBIT
  D:0027H         PUBLIC        TBUF
  B:0021H.5       PUBLIC        TING
  D:0028H         PUBLIC        TBIT
  D:0098H         PUBLIC        SCON
  D:0089H         PUBLIC        TMOD
  D:0088H         PUBLIC        TCON
  C:0CEDH         PUBLIC        _uart_printf
  D:0029H         PUBLIC        RCNT
  D:002AH         PUBLIC        TCNT
  D:00F0H         PUBLIC        B
  D:008EH         PUBLIC        AUXR
  D:00E0H         PUBLIC        ACC
  B:00A8H.1       PUBLIC        ET0
  C:0D00H         PUBLIC        _uart_send
  D:008CH         PUBLIC        TH0
  D:002BH         PUBLIC        Rev_buf
  D:008AH         PUBLIC        TL0
  C:0C93H         PUBLIC        uart_init
  B:0088H.4       PUBLIC        TR0
  B:00B0H.0       PUBLIC        RXB
  B:00B0H.1       PUBLIC        TXB
  D:0049H         PUBLIC        r
  D:004AH         PUBLIC        t
  D:00D0H         PUBLIC        PSW
BL51 BANKED LINKER/LOCATER V6.22.2.0                                                  03/13/2020  13:39:24  PAGE 5


  C:0D14H         PUBLIC        _putchar
  -------         PROC          UART_INIT
  C:0C93H         LINE#         17
  C:0C93H         LINE#         18
  C:0C93H         LINE#         19
  C:0C96H         LINE#         20
  C:0C99H         LINE#         21
  C:0C9CH         LINE#         22
  C:0C9FH         LINE#         23
  C:0CA5H         LINE#         24
  C:0CA7H         LINE#         25
  C:0CA9H         LINE#         26
  C:0CABH         LINE#         27
  C:0CADH         LINE#         28
  C:0CAFH         LINE#         29
  C:0CB1H         LINE#         30
  C:0CB3H         LINE#         31
  C:0CB6H         LINE#         32
  C:0CB8H         LINE#         33
  -------         ENDPROC       UART_INIT
  -------         PROC          _UART_SEND
  D:0007H         SYMBOL        dat
  C:0D00H         LINE#         35
  C:0D00H         LINE#         36
  C:0D00H         LINE#         37
  C:0D03H         LINE#         38
  C:0D03H         LINE#         39
  C:0D05H         LINE#         40
  C:0D07H         LINE#         41
  C:0D09H         LINE#         42
  C:0D0CH         LINE#         43
  C:0D0CH         LINE#         44
  -------         ENDPROC       _UART_SEND
  -------         PROC          UART_RECEIVE
  C:0C6CH         LINE#         46
  C:0C6CH         LINE#         47
  C:0C6CH         LINE#         48
  C:0C6FH         LINE#         49
  C:0C6FH         LINE#         50
  C:0C71H         LINE#         51
  C:0C88H         LINE#         52
  C:0C8BH         LINE#         53
  C:0C8EH         LINE#         54
  C:0C90H         LINE#         55
  C:0C90H         LINE#         56
  C:0C92H         LINE#         57
  -------         ENDPROC       UART_RECEIVE
  -------         PROC          _PUTCHAR
  D:0006H         SYMBOL        c
  C:0D14H         LINE#         61
  C:0D16H         LINE#         62
  C:0D16H         LINE#         63
  -------         ENDPROC       _PUTCHAR
  -------         PROC          _UART_PRINTF
  D:0001H         SYMBOL        p_buf
  C:0CEDH         LINE#         70
  C:0CEDH         LINE#         71
BL51 BANKED LINKER/LOCATER V6.22.2.0                                                  03/13/2020  13:39:24  PAGE 6


  C:0CEDH         LINE#         72
  C:0CF3H         LINE#         73
  C:0CF3H         LINE#         74
  C:0CF6H         LINE#         75
  C:0CFDH         LINE#         76
  C:0CFFH         LINE#         77
  -------         ENDPROC       _UART_PRINTF
  -------         PROC          TM0
  C:0A8CH         LINE#         82
  C:0A90H         LINE#         85
  C:0A93H         LINE#         86
  C:0A93H         LINE#         87
  C:0A99H         LINE#         88
  C:0A99H         LINE#         89
  C:0A9CH         LINE#         90
  C:0AA2H         LINE#         91
  C:0AA2H         LINE#         92
  C:0AA5H         LINE#         93
  C:0AA7H         LINE#         94
  C:0AA9H         LINE#         95
  C:0AABH         LINE#         97
  C:0AABH         LINE#         98
  C:0AB1H         LINE#         99
  C:0AB7H         LINE#         100
  C:0AB7H         LINE#         101
  C:0AB7H         LINE#         102
  C:0AB9H         LINE#         104
  C:0ABCH         LINE#         105
  C:0ABCH         LINE#         106
  C:0ABEH         LINE#         107
  C:0AC1H         LINE#         108
  C:0AC4H         LINE#         109
  C:0AC4H         LINE#         111
  C:0ACAH         LINE#         112
  C:0ACAH         LINE#         113
  C:0ACDH         LINE#         114
  C:0AD0H         LINE#         115
  C:0AD0H         LINE#         116
  C:0AD4H         LINE#         117
  C:0AD4H         LINE#         118
  C:0AD6H         LINE#         119
  C:0AD9H         LINE#         120
  C:0ADCH         LINE#         121
  C:0ADEH         LINE#         123
  C:0ADEH         LINE#         124
  C:0AE4H         LINE#         125
  C:0AEAH         LINE#         126
  C:0AEAH         LINE#         127
  C:0AECH         LINE#         128
  C:0AEEH         LINE#         129
  C:0AF0H         LINE#         130
  C:0AF2H         LINE#         132
  C:0AF2H         LINE#         133
  C:0AF4H         LINE#         134
  C:0AF4H         LINE#         135
  C:0AF4H         LINE#         136
  C:0AF4H         LINE#         137
BL51 BANKED LINKER/LOCATER V6.22.2.0                                                  03/13/2020  13:39:24  PAGE 7


  C:0AF4H         LINE#         138
  -------         ENDPROC       TM0
  -------         ENDMOD        UART

  -------         MODULE        TSIC506
  C:0000H         SYMBOL        _ICE_DUMMY_
  D:0080H         PUBLIC        P0
  D:0090H         PUBLIC        P1
  D:00A0H         PUBLIC        P2
  D:00B0H         PUBLIC        P3
  D:00C0H         PUBLIC        P4
  D:00C8H         PUBLIC        P5
  D:00A8H         PUBLIC        IE
  B:00B0H.3       PUBLIC        DQ
  D:00B8H         PUBLIC        IP
  D:00D8H         PUBLIC        CCON
  D:0098H         PUBLIC        SCON
  C:0BA8H         PUBLIC        read_byte
  D:0088H         PUBLIC        TCON
  C:0C36H         PUBLIC        _Check_Parity
  D:00F0H         PUBLIC        B
  D:00E0H         PUBLIC        ACC
  C:0D0DH         PUBLIC        tsic506_init
  C:0AF9H         PUBLIC        _getTSIC_Temp
  D:00D0H         PUBLIC        PSW
  -------         PROC          TSIC506_INIT
  C:0D0DH         LINE#         6
  C:0D0DH         LINE#         7
  C:0D0DH         LINE#         8
  C:0D0FH         LINE#         9
  C:0D12H         LINE#         10
  C:0D13H         LINE#         11
  -------         ENDPROC       TSIC506_INIT
  -------         PROC          READ_BYTE
  -------         DO            
  D:0056H         SYMBOL        i
  D:0057H         SYMBOL        temp_value
  -------         ENDDO         
  C:0BA8H         LINE#         14
  C:0BA8H         LINE#         15
  C:0BA8H         LINE#         17
  C:0BADH         LINE#         20
  C:0BB0H         LINE#         21
  C:0BB3H         LINE#         24
  C:0BC1H         LINE#         25
  C:0BC1H         LINE#         26
  C:0BC4H         LINE#         27
  C:0BC9H         LINE#         28
  C:0BCCH         LINE#         29
  C:0BCCH         LINE#         30
  C:0BE7H         LINE#         31
  C:0BE9H         LINE#         33
  C:0BE9H         LINE#         34
  C:0BECH         LINE#         35
  C:0BECH         LINE#         36
  C:0BF0H         LINE#         38
  C:0BF4H         LINE#         39
BL51 BANKED LINKER/LOCATER V6.22.2.0                                                  03/13/2020  13:39:24  PAGE 8


  -------         ENDPROC       READ_BYTE
  -------         PROC          _CHECK_PARITY
  D:0004H         SYMBOL        value
  -------         DO            
  D:0002H         SYMBOL        i
  D:0003H         SYMBOL        parity
  -------         ENDDO         
  C:0C36H         LINE#         42
  C:0C3AH         LINE#         43
  C:0C3AH         LINE#         45
  C:0C3CH         LINE#         47
  C:0C47H         LINE#         48
  C:0C47H         LINE#         49
  C:0C60H         LINE#         50
  C:0C60H         LINE#         51
  C:0C61H         LINE#         52
  C:0C61H         LINE#         53
  C:0C64H         LINE#         54
  C:0C68H         LINE#         55
  C:0C68H         LINE#         56
  C:0C6AH         LINE#         57
  C:0C6AH         LINE#         59
  C:0C6BH         LINE#         60
  -------         ENDPROC       _CHECK_PARITY
  -------         PROC          _GETTSIC_TEMP
  D:0051H         SYMBOL        temp_value16
  -------         DO            
  D:0054H         SYMBOL        temp_value1
  D:0082H         SYMBOL        temp_value2
  D:0006H         SYMBOL        Temperature
  -------         ENDDO         
  C:0AF9H         LINE#         63
  C:0AFFH         LINE#         64
  C:0AFFH         LINE#         65
  C:0B04H         LINE#         66
  C:0B08H         LINE#         69
  C:0B0FH         LINE#         70
  C:0B16H         LINE#         73
  C:0B1FH         LINE#         74
  C:0B1FH         LINE#         75
  C:0B20H         LINE#         76
  C:0B20H         LINE#         78
  C:0B29H         LINE#         79
  C:0B29H         LINE#         80
  C:0B2AH         LINE#         81
  C:0B2AH         LINE#         84
  C:0B35H         LINE#         85
  C:0B40H         LINE#         87
  C:0B47H         LINE#         88
  C:0B53H         LINE#         90
  C:0B54H         LINE#         91
  -------         ENDPROC       _GETTSIC_TEMP
  -------         ENDMOD        TSIC506

  -------         MODULE        DELAY
  C:0000H         SYMBOL        _ICE_DUMMY_
  D:0080H         PUBLIC        P0
BL51 BANKED LINKER/LOCATER V6.22.2.0                                                  03/13/2020  13:39:24  PAGE 9


  D:0090H         PUBLIC        P1
  D:00A0H         PUBLIC        P2
  D:00B0H         PUBLIC        P3
  D:00C0H         PUBLIC        P4
  D:00C8H         PUBLIC        P5
  D:00A8H         PUBLIC        IE
  C:0CB9H         PUBLIC        _delay_5us
  D:00B8H         PUBLIC        IP
  D:00D8H         PUBLIC        CCON
  D:0098H         PUBLIC        SCON
  D:0088H         PUBLIC        TCON
  D:00F0H         PUBLIC        B
  D:00E0H         PUBLIC        ACC
  C:0CD6H         PUBLIC        _delay_ms
  D:00D0H         PUBLIC        PSW
  -------         PROC          _DELAY_MS
  D:0006H         SYMBOL        ms
  -------         DO            
  D:0004H         SYMBOL        i
  -------         ENDDO         
  C:0CD6H         LINE#         8
  C:0CD6H         LINE#         9
  C:0CD6H         LINE#         11
  C:0CD6H         LINE#         12
  C:0CDAH         LINE#         13
  C:0CE3H         LINE#         14
  C:0CECH         LINE#         15
  -------         ENDPROC       _DELAY_MS
  -------         PROC          _DELAY_5US
  D:0007H         SYMBOL        step
  -------         DO            
  D:0006H         SYMBOL        a
  -------         ENDDO         
  C:0CB9H         LINE#         19
  C:0CB9H         LINE#         20
  C:0CB9H         LINE#         22
  C:0CC6H         LINE#         23
  C:0CC6H         LINE#         24
  C:0CD5H         LINE#         25
  C:0CD5H         LINE#         26
  -------         ENDPROC       _DELAY_5US
  -------         ENDMOD        DELAY

  -------         MODULE        ?C?FPADD
  C:0015H         PUBLIC        ?C?FPADD
  C:0011H         PUBLIC        ?C?FPSUB
  -------         ENDMOD        ?C?FPADD

  -------         MODULE        ?C?FPMUL
  C:0106H         PUBLIC        ?C?FPMUL
  -------         ENDMOD        ?C?FPMUL

  -------         MODULE        ?C?FPDIV
  C:020FH         PUBLIC        ?C?FPDIV
  -------         ENDMOD        ?C?FPDIV

  -------         MODULE        ?C?FCAST
BL51 BANKED LINKER/LOCATER V6.22.2.0                                                  03/13/2020  13:39:24  PAGE 10


  C:02B6H         PUBLIC        ?C?FCASTC
  C:02B1H         PUBLIC        ?C?FCASTI
  C:02ACH         PUBLIC        ?C?FCASTL
  -------         ENDMOD        ?C?FCAST

  -------         MODULE        PRINTF
  D:0051H         PUBLIC        ?_PRINTF?BYTE
  D:0051H         PUBLIC        ?_SPRINTF?BYTE
  C:05F3H         PUBLIC        _PRINTF
  C:05EDH         PUBLIC        _SPRINTF
  -------         ENDMOD        PRINTF

  -------         MODULE        ?C?FPROUND
  C:0334H         PUBLIC        ?C?FPROUND
  -------         ENDMOD        ?C?FPROUND

  -------         MODULE        ?C?FPCONVERT
  C:0363H         PUBLIC        ?C?FPCONVERT
  -------         ENDMOD        ?C?FPCONVERT

  -------         MODULE        ?C?FTNPWR
  C:0496H         PUBLIC        ?C?FTNPWR
  -------         ENDMOD        ?C?FTNPWR

  -------         MODULE        ?C?CLDPTR
  C:04D6H         PUBLIC        ?C?CLDPTR
  -------         ENDMOD        ?C?CLDPTR

  -------         MODULE        ?C?CLDOPTR
  C:04EFH         PUBLIC        ?C?CLDOPTR
  -------         ENDMOD        ?C?CLDOPTR

  -------         MODULE        ?C?CSTPTR
  C:051CH         PUBLIC        ?C?CSTPTR
  -------         ENDMOD        ?C?CSTPTR

  -------         MODULE        ?C?ISTPTR
  C:052EH         PUBLIC        ?C?ISTPTR
  -------         ENDMOD        ?C?ISTPTR

  -------         MODULE        ?C?LNEG
  C:054DH         PUBLIC        ?C?LNEG
  -------         ENDMOD        ?C?LNEG

  -------         MODULE        ?C?PLDIIDATA
  C:055BH         PUBLIC        ?C?PLDIIDATA
  -------         ENDMOD        ?C?PLDIIDATA

  -------         MODULE        ?C?CCASE
  C:056BH         PUBLIC        ?C?CCASE
  -------         ENDMOD        ?C?CCASE

*** WARNING L16: UNCALLED SEGMENT, IGNORED FOR OVERLAY PROCESS
    SEGMENT: ?PR?UART_RECEIVE?UART

*** WARNING L16: UNCALLED SEGMENT, IGNORED FOR OVERLAY PROCESS
    SEGMENT: ?PR?_UART_PRINTF?UART
BL51 BANKED LINKER/LOCATER V6.22.2.0                                                  03/13/2020  13:39:24  PAGE 11



*** WARNING L16: UNCALLED SEGMENT, IGNORED FOR OVERLAY PROCESS
    SEGMENT: ?PR?_DELAY_MS?DELAY

Program Size: data=85.6 xdata=0 code=3353
LINK/LOCATE RUN COMPLETE.  3 WARNING(S),  0 ERROR(S)
